// Jest Snapshot v1, https://goo.gl/fbAQLP

exports[`Render Message render Message correctly 1`] = `
<div>
  <div
    className="MuiPaper-root Message-container-1 MuiPaper-elevation1 MuiPaper-rounded"
  >
    <p
      className="MuiTypography-root MuiTypography-body1"
    />
  </div>
</div>
`;
